// Jest Snapshot v1, https://goo.gl/fbAQLP

exports[`About Renders the component unchanged 1`] = `
{
  "asFragment": [Function],
  "baseElement": <body>
    <div>
      <div
        class="my-20 relative mx-auto max-w-md text-center sm:max-w-3xl lg:max-w-7xl lg:px-8"
      >
        <div
          class="grid grid-cols-1 gap-12 sm:grid-cols-2 lg:grid-cols-3"
        >
          <div
            class="z-10 pt-6"
            data-testid="feature"
          >
            <div
              class="flow-root rounded-lg bg-gray-50 px-6 pb-8 border border-gray-900 shadow-md shadow-gray-900 transition duration-150 hover:scale-110"
            >
              <div
                class="-mt-6"
              >
                <div>
                  <span
                    class="inline-flex border border-gray-900 items-center justify-center rounded-xl bg-tertiary p-3"
                  >
                    <svg
                      aria-hidden="true"
                      class="h-8 w-8 text-gray-900"
                      data-testid="Customizable Rewards-icon"
                      fill="none"
                      stroke="currentColor"
                      stroke-width="1.5"
                      viewBox="0 0 24 24"
                      xmlns="http://www.w3.org/2000/svg"
                    >
                      <path
                        d="M21 11.25v8.25a1.5 1.5 0 01-1.5 1.5H5.25a1.5 1.5 0 01-1.5-1.5v-8.25M12 4.875A2.625 2.625 0 109.375 7.5H12m0-2.625V7.5m0-2.625A2.625 2.625 0 1114.625 7.5H12m0 0V21m-8.625-9.75h18c.621 0 1.125-.504 1.125-1.125v-1.5c0-.621-.504-1.125-1.125-1.125h-18c-.621 0-1.125.504-1.125 1.125v1.5c0 .621.504 1.125 1.125 1.125z"
                        stroke-linecap="round"
                        stroke-linejoin="round"
                      />
                    </svg>
                  </span>
                </div>
                <h3
                  class="mt-8 text-lg font-semibold leading-8 tracking-tight text-gray-900"
                  data-testid="Customizable Rewards-name"
                >
                  Customizable Rewards
                </h3>
                <p
                  class="mt-5 text-base leading-7 text-gray-600"
                  data-testid="Customizable Rewards-description"
                >
                  Ac tincidunt sapien vehicula erat auctor pellentesque rhoncus. Et magna sit morbi lobortis.
                </p>
              </div>
            </div>
          </div>
          <div
            class="z-10 pt-6"
            data-testid="feature"
          >
            <div
              class="flow-root rounded-lg bg-gray-50 px-6 pb-8 border border-gray-900 shadow-md shadow-gray-900 transition duration-150 hover:scale-110"
            >
              <div
                class="-mt-6"
              >
                <div>
                  <span
                    class="inline-flex border border-gray-900 items-center justify-center rounded-xl bg-tertiary p-3"
                  >
                    <svg
                      aria-hidden="true"
                      class="h-8 w-8 text-gray-900"
                      data-testid="Customizable Tasks-icon"
                      fill="none"
                      stroke="currentColor"
                      stroke-width="1.5"
                      viewBox="0 0 24 24"
                      xmlns="http://www.w3.org/2000/svg"
                    >
                      <path
                        d="M20.25 14.15v4.25c0 1.094-.787 2.036-1.872 2.18-2.087.277-4.216.42-6.378.42s-4.291-.143-6.378-.42c-1.085-.144-1.872-1.086-1.872-2.18v-4.25m16.5 0a2.18 2.18 0 00.75-1.661V8.706c0-1.081-.768-2.015-1.837-2.175a48.114 48.114 0 00-3.413-.387m4.5 8.006c-.194.165-.42.295-.673.38A23.978 23.978 0 0112 15.75c-2.648 0-5.195-.429-7.577-1.22a2.016 2.016 0 01-.673-.38m0 0A2.18 2.18 0 013 12.489V8.706c0-1.081.768-2.015 1.837-2.175a48.111 48.111 0 013.413-.387m7.5 0V5.25A2.25 2.25 0 0013.5 3h-3a2.25 2.25 0 00-2.25 2.25v.894m7.5 0a48.667 48.667 0 00-7.5 0M12 12.75h.008v.008H12v-.008z"
                        stroke-linecap="round"
                        stroke-linejoin="round"
                      />
                    </svg>
                  </span>
                </div>
                <h3
                  class="mt-8 text-lg font-semibold leading-8 tracking-tight text-gray-900"
                  data-testid="Customizable Tasks-name"
                >
                  Customizable Tasks
                </h3>
                <p
                  class="mt-5 text-base leading-7 text-gray-600"
                  data-testid="Customizable Tasks-description"
                >
                  Ac tincidunt sapien vehicula erat auctor pellentesque rhoncus. Et magna sit morbi lobortis.
                </p>
              </div>
            </div>
          </div>
          <div
            class="z-10 pt-6"
            data-testid="feature"
          >
            <div
              class="flow-root rounded-lg bg-gray-50 px-6 pb-8 border border-gray-900 shadow-md shadow-gray-900 transition duration-150 hover:scale-110"
            >
              <div
                class="-mt-6"
              >
                <div>
                  <span
                    class="inline-flex border border-gray-900 items-center justify-center rounded-xl bg-tertiary p-3"
                  >
                    <svg
                      aria-hidden="true"
                      class="h-8 w-8 text-gray-900"
                      data-testid="Competitive Leaderboards-icon"
                      fill="none"
                      stroke="currentColor"
                      stroke-width="1.5"
                      viewBox="0 0 24 24"
                      xmlns="http://www.w3.org/2000/svg"
                    >
                      <path
                        d="M16.5 18.75h-9m9 0a3 3 0 013 3h-15a3 3 0 013-3m9 0v-3.375c0-.621-.503-1.125-1.125-1.125h-.871M7.5 18.75v-3.375c0-.621.504-1.125 1.125-1.125h.872m5.007 0H9.497m5.007 0a7.454 7.454 0 01-.982-3.172M9.497 14.25a7.454 7.454 0 00.981-3.172M5.25 4.236c-.982.143-1.954.317-2.916.52A6.003 6.003 0 007.73 9.728M5.25 4.236V4.5c0 2.108.966 3.99 2.48 5.228M5.25 4.236V2.721C7.456 2.41 9.71 2.25 12 2.25c2.291 0 4.545.16 6.75.47v1.516M7.73 9.728a6.726 6.726 0 002.748 1.35m8.272-6.842V4.5c0 2.108-.966 3.99-2.48 5.228m2.48-5.492a46.32 46.32 0 012.916.52 6.003 6.003 0 01-5.395 4.972m0 0a6.726 6.726 0 01-2.749 1.35m0 0a6.772 6.772 0 01-3.044 0"
                        stroke-linecap="round"
                        stroke-linejoin="round"
                      />
                    </svg>
                  </span>
                </div>
                <h3
                  class="mt-8 text-lg font-semibold leading-8 tracking-tight text-gray-900"
                  data-testid="Competitive Leaderboards-name"
                >
                  Competitive Leaderboards
                </h3>
                <p
                  class="mt-5 text-base leading-7 text-gray-600"
                  data-testid="Competitive Leaderboards-description"
                >
                  Ac tincidunt sapien vehicula erat auctor pellentesque rhoncus. Et magna sit morbi lobortis.
                </p>
              </div>
            </div>
          </div>
          <div
            class="z-10 pt-6"
            data-testid="feature"
          >
            <div
              class="flow-root rounded-lg bg-gray-50 px-6 pb-8 border border-gray-900 shadow-md shadow-gray-900 transition duration-150 hover:scale-110"
            >
              <div
                class="-mt-6"
              >
                <div>
                  <span
                    class="inline-flex border border-gray-900 items-center justify-center rounded-xl bg-tertiary p-3"
                  >
                    <svg
                      aria-hidden="true"
                      class="h-8 w-8 text-gray-900"
                      data-testid="Configuration Templates-icon"
                      fill="none"
                      stroke="currentColor"
                      stroke-width="1.5"
                      viewBox="0 0 24 24"
                      xmlns="http://www.w3.org/2000/svg"
                    >
                      <path
                        d="M2.25 7.125C2.25 6.504 2.754 6 3.375 6h6c.621 0 1.125.504 1.125 1.125v3.75c0 .621-.504 1.125-1.125 1.125h-6a1.125 1.125 0 01-1.125-1.125v-3.75zM14.25 8.625c0-.621.504-1.125 1.125-1.125h5.25c.621 0 1.125.504 1.125 1.125v8.25c0 .621-.504 1.125-1.125 1.125h-5.25a1.125 1.125 0 01-1.125-1.125v-8.25zM3.75 16.125c0-.621.504-1.125 1.125-1.125h5.25c.621 0 1.125.504 1.125 1.125v2.25c0 .621-.504 1.125-1.125 1.125h-5.25a1.125 1.125 0 01-1.125-1.125v-2.25z"
                        stroke-linecap="round"
                        stroke-linejoin="round"
                      />
                    </svg>
                  </span>
                </div>
                <h3
                  class="mt-8 text-lg font-semibold leading-8 tracking-tight text-gray-900"
                  data-testid="Configuration Templates-name"
                >
                  Configuration Templates
                </h3>
                <p
                  class="mt-5 text-base leading-7 text-gray-600"
                  data-testid="Configuration Templates-description"
                >
                  Ac tincidunt sapien vehicula erat auctor pellentesque rhoncus. Et magna sit morbi lobortis.
                </p>
              </div>
            </div>
          </div>
          <div
            class="z-10 pt-6"
            data-testid="feature"
          >
            <div
              class="flow-root rounded-lg bg-gray-50 px-6 pb-8 border border-gray-900 shadow-md shadow-gray-900 transition duration-150 hover:scale-110"
            >
              <div
                class="-mt-6"
              >
                <div>
                  <span
                    class="inline-flex border border-gray-900 items-center justify-center rounded-xl bg-tertiary p-3"
                  >
                    <svg
                      aria-hidden="true"
                      class="h-8 w-8 text-gray-900"
                      data-testid="Powerful API-icon"
                      fill="none"
                      stroke="currentColor"
                      stroke-width="1.5"
                      viewBox="0 0 24 24"
                      xmlns="http://www.w3.org/2000/svg"
                    >
                      <path
                        d="M3.75 13.5l10.5-11.25L12 10.5h8.25L9.75 21.75 12 13.5H3.75z"
                        stroke-linecap="round"
                        stroke-linejoin="round"
                      />
                    </svg>
                  </span>
                </div>
                <h3
                  class="mt-8 text-lg font-semibold leading-8 tracking-tight text-gray-900"
                  data-testid="Powerful API-name"
                >
                  Powerful API
                </h3>
                <p
                  class="mt-5 text-base leading-7 text-gray-600"
                  data-testid="Powerful API-description"
                >
                  Ac tincidunt sapien vehicula erat auctor pellentesque rhoncus. Et magna sit morbi lobortis.
                </p>
              </div>
            </div>
          </div>
          <div
            class="z-10 pt-6"
            data-testid="feature"
          >
            <div
              class="flow-root rounded-lg bg-gray-50 px-6 pb-8 border border-gray-900 shadow-md shadow-gray-900 transition duration-150 hover:scale-110"
            >
              <div
                class="-mt-6"
              >
                <div>
                  <span
                    class="inline-flex border border-gray-900 items-center justify-center rounded-xl bg-tertiary p-3"
                  >
                    <svg
                      aria-hidden="true"
                      class="h-8 w-8 text-gray-900"
                      data-testid="Database Backups-icon"
                      fill="none"
                      stroke="currentColor"
                      stroke-width="1.5"
                      viewBox="0 0 24 24"
                      xmlns="http://www.w3.org/2000/svg"
                    >
                      <path
                        d="M20.25 6.375c0 2.278-3.694 4.125-8.25 4.125S3.75 8.653 3.75 6.375m16.5 0c0-2.278-3.694-4.125-8.25-4.125S3.75 4.097 3.75 6.375m16.5 0v11.25c0 2.278-3.694 4.125-8.25 4.125s-8.25-1.847-8.25-4.125V6.375m16.5 0v3.75m-16.5-3.75v3.75m16.5 0v3.75C20.25 16.153 16.556 18 12 18s-8.25-1.847-8.25-4.125v-3.75m16.5 0c0 2.278-3.694 4.125-8.25 4.125s-8.25-1.847-8.25-4.125"
                        stroke-linecap="round"
                        stroke-linejoin="round"
                      />
                    </svg>
                  </span>
                </div>
                <h3
                  class="mt-8 text-lg font-semibold leading-8 tracking-tight text-gray-900"
                  data-testid="Database Backups-name"
                >
                  Database Backups
                </h3>
                <p
                  class="mt-5 text-base leading-7 text-gray-600"
                  data-testid="Database Backups-description"
                >
                  Ac tincidunt sapien vehicula erat auctor pellentesque rhoncus. Et magna sit morbi lobortis.
                </p>
              </div>
            </div>
          </div>
        </div>
        <div
          class="z-1 border border-gray-900 rounded-3xl absolute inset-0 lg:inset-y-1/4 bg-secondary"
        />
      </div>
    </div>
  </body>,
  "container": <div>
    <div
      class="my-20 relative mx-auto max-w-md text-center sm:max-w-3xl lg:max-w-7xl lg:px-8"
    >
      <div
        class="grid grid-cols-1 gap-12 sm:grid-cols-2 lg:grid-cols-3"
      >
        <div
          class="z-10 pt-6"
          data-testid="feature"
        >
          <div
            class="flow-root rounded-lg bg-gray-50 px-6 pb-8 border border-gray-900 shadow-md shadow-gray-900 transition duration-150 hover:scale-110"
          >
            <div
              class="-mt-6"
            >
              <div>
                <span
                  class="inline-flex border border-gray-900 items-center justify-center rounded-xl bg-tertiary p-3"
                >
                  <svg
                    aria-hidden="true"
                    class="h-8 w-8 text-gray-900"
                    data-testid="Customizable Rewards-icon"
                    fill="none"
                    stroke="currentColor"
                    stroke-width="1.5"
                    viewBox="0 0 24 24"
                    xmlns="http://www.w3.org/2000/svg"
                  >
                    <path
                      d="M21 11.25v8.25a1.5 1.5 0 01-1.5 1.5H5.25a1.5 1.5 0 01-1.5-1.5v-8.25M12 4.875A2.625 2.625 0 109.375 7.5H12m0-2.625V7.5m0-2.625A2.625 2.625 0 1114.625 7.5H12m0 0V21m-8.625-9.75h18c.621 0 1.125-.504 1.125-1.125v-1.5c0-.621-.504-1.125-1.125-1.125h-18c-.621 0-1.125.504-1.125 1.125v1.5c0 .621.504 1.125 1.125 1.125z"
                      stroke-linecap="round"
                      stroke-linejoin="round"
                    />
                  </svg>
                </span>
              </div>
              <h3
                class="mt-8 text-lg font-semibold leading-8 tracking-tight text-gray-900"
                data-testid="Customizable Rewards-name"
              >
                Customizable Rewards
              </h3>
              <p
                class="mt-5 text-base leading-7 text-gray-600"
                data-testid="Customizable Rewards-description"
              >
                Ac tincidunt sapien vehicula erat auctor pellentesque rhoncus. Et magna sit morbi lobortis.
              </p>
            </div>
          </div>
        </div>
        <div
          class="z-10 pt-6"
          data-testid="feature"
        >
          <div
            class="flow-root rounded-lg bg-gray-50 px-6 pb-8 border border-gray-900 shadow-md shadow-gray-900 transition duration-150 hover:scale-110"
          >
            <div
              class="-mt-6"
            >
              <div>
                <span
                  class="inline-flex border border-gray-900 items-center justify-center rounded-xl bg-tertiary p-3"
                >
                  <svg
                    aria-hidden="true"
                    class="h-8 w-8 text-gray-900"
                    data-testid="Customizable Tasks-icon"
                    fill="none"
                    stroke="currentColor"
                    stroke-width="1.5"
                    viewBox="0 0 24 24"
                    xmlns="http://www.w3.org/2000/svg"
                  >
                    <path
                      d="M20.25 14.15v4.25c0 1.094-.787 2.036-1.872 2.18-2.087.277-4.216.42-6.378.42s-4.291-.143-6.378-.42c-1.085-.144-1.872-1.086-1.872-2.18v-4.25m16.5 0a2.18 2.18 0 00.75-1.661V8.706c0-1.081-.768-2.015-1.837-2.175a48.114 48.114 0 00-3.413-.387m4.5 8.006c-.194.165-.42.295-.673.38A23.978 23.978 0 0112 15.75c-2.648 0-5.195-.429-7.577-1.22a2.016 2.016 0 01-.673-.38m0 0A2.18 2.18 0 013 12.489V8.706c0-1.081.768-2.015 1.837-2.175a48.111 48.111 0 013.413-.387m7.5 0V5.25A2.25 2.25 0 0013.5 3h-3a2.25 2.25 0 00-2.25 2.25v.894m7.5 0a48.667 48.667 0 00-7.5 0M12 12.75h.008v.008H12v-.008z"
                      stroke-linecap="round"
                      stroke-linejoin="round"
                    />
                  </svg>
                </span>
              </div>
              <h3
                class="mt-8 text-lg font-semibold leading-8 tracking-tight text-gray-900"
                data-testid="Customizable Tasks-name"
              >
                Customizable Tasks
              </h3>
              <p
                class="mt-5 text-base leading-7 text-gray-600"
                data-testid="Customizable Tasks-description"
              >
                Ac tincidunt sapien vehicula erat auctor pellentesque rhoncus. Et magna sit morbi lobortis.
              </p>
            </div>
          </div>
        </div>
        <div
          class="z-10 pt-6"
          data-testid="feature"
        >
          <div
            class="flow-root rounded-lg bg-gray-50 px-6 pb-8 border border-gray-900 shadow-md shadow-gray-900 transition duration-150 hover:scale-110"
          >
            <div
              class="-mt-6"
            >
              <div>
                <span
                  class="inline-flex border border-gray-900 items-center justify-center rounded-xl bg-tertiary p-3"
                >
                  <svg
                    aria-hidden="true"
                    class="h-8 w-8 text-gray-900"
                    data-testid="Competitive Leaderboards-icon"
                    fill="none"
                    stroke="currentColor"
                    stroke-width="1.5"
                    viewBox="0 0 24 24"
                    xmlns="http://www.w3.org/2000/svg"
                  >
                    <path
                      d="M16.5 18.75h-9m9 0a3 3 0 013 3h-15a3 3 0 013-3m9 0v-3.375c0-.621-.503-1.125-1.125-1.125h-.871M7.5 18.75v-3.375c0-.621.504-1.125 1.125-1.125h.872m5.007 0H9.497m5.007 0a7.454 7.454 0 01-.982-3.172M9.497 14.25a7.454 7.454 0 00.981-3.172M5.25 4.236c-.982.143-1.954.317-2.916.52A6.003 6.003 0 007.73 9.728M5.25 4.236V4.5c0 2.108.966 3.99 2.48 5.228M5.25 4.236V2.721C7.456 2.41 9.71 2.25 12 2.25c2.291 0 4.545.16 6.75.47v1.516M7.73 9.728a6.726 6.726 0 002.748 1.35m8.272-6.842V4.5c0 2.108-.966 3.99-2.48 5.228m2.48-5.492a46.32 46.32 0 012.916.52 6.003 6.003 0 01-5.395 4.972m0 0a6.726 6.726 0 01-2.749 1.35m0 0a6.772 6.772 0 01-3.044 0"
                      stroke-linecap="round"
                      stroke-linejoin="round"
                    />
                  </svg>
                </span>
              </div>
              <h3
                class="mt-8 text-lg font-semibold leading-8 tracking-tight text-gray-900"
                data-testid="Competitive Leaderboards-name"
              >
                Competitive Leaderboards
              </h3>
              <p
                class="mt-5 text-base leading-7 text-gray-600"
                data-testid="Competitive Leaderboards-description"
              >
                Ac tincidunt sapien vehicula erat auctor pellentesque rhoncus. Et magna sit morbi lobortis.
              </p>
            </div>
          </div>
        </div>
        <div
          class="z-10 pt-6"
          data-testid="feature"
        >
          <div
            class="flow-root rounded-lg bg-gray-50 px-6 pb-8 border border-gray-900 shadow-md shadow-gray-900 transition duration-150 hover:scale-110"
          >
            <div
              class="-mt-6"
            >
              <div>
                <span
                  class="inline-flex border border-gray-900 items-center justify-center rounded-xl bg-tertiary p-3"
                >
                  <svg
                    aria-hidden="true"
                    class="h-8 w-8 text-gray-900"
                    data-testid="Configuration Templates-icon"
                    fill="none"
                    stroke="currentColor"
                    stroke-width="1.5"
                    viewBox="0 0 24 24"
                    xmlns="http://www.w3.org/2000/svg"
                  >
                    <path
                      d="M2.25 7.125C2.25 6.504 2.754 6 3.375 6h6c.621 0 1.125.504 1.125 1.125v3.75c0 .621-.504 1.125-1.125 1.125h-6a1.125 1.125 0 01-1.125-1.125v-3.75zM14.25 8.625c0-.621.504-1.125 1.125-1.125h5.25c.621 0 1.125.504 1.125 1.125v8.25c0 .621-.504 1.125-1.125 1.125h-5.25a1.125 1.125 0 01-1.125-1.125v-8.25zM3.75 16.125c0-.621.504-1.125 1.125-1.125h5.25c.621 0 1.125.504 1.125 1.125v2.25c0 .621-.504 1.125-1.125 1.125h-5.25a1.125 1.125 0 01-1.125-1.125v-2.25z"
                      stroke-linecap="round"
                      stroke-linejoin="round"
                    />
                  </svg>
                </span>
              </div>
              <h3
                class="mt-8 text-lg font-semibold leading-8 tracking-tight text-gray-900"
                data-testid="Configuration Templates-name"
              >
                Configuration Templates
              </h3>
              <p
                class="mt-5 text-base leading-7 text-gray-600"
                data-testid="Configuration Templates-description"
              >
                Ac tincidunt sapien vehicula erat auctor pellentesque rhoncus. Et magna sit morbi lobortis.
              </p>
            </div>
          </div>
        </div>
        <div
          class="z-10 pt-6"
          data-testid="feature"
        >
          <div
            class="flow-root rounded-lg bg-gray-50 px-6 pb-8 border border-gray-900 shadow-md shadow-gray-900 transition duration-150 hover:scale-110"
          >
            <div
              class="-mt-6"
            >
              <div>
                <span
                  class="inline-flex border border-gray-900 items-center justify-center rounded-xl bg-tertiary p-3"
                >
                  <svg
                    aria-hidden="true"
                    class="h-8 w-8 text-gray-900"
                    data-testid="Powerful API-icon"
                    fill="none"
                    stroke="currentColor"
                    stroke-width="1.5"
                    viewBox="0 0 24 24"
                    xmlns="http://www.w3.org/2000/svg"
                  >
                    <path
                      d="M3.75 13.5l10.5-11.25L12 10.5h8.25L9.75 21.75 12 13.5H3.75z"
                      stroke-linecap="round"
                      stroke-linejoin="round"
                    />
                  </svg>
                </span>
              </div>
              <h3
                class="mt-8 text-lg font-semibold leading-8 tracking-tight text-gray-900"
                data-testid="Powerful API-name"
              >
                Powerful API
              </h3>
              <p
                class="mt-5 text-base leading-7 text-gray-600"
                data-testid="Powerful API-description"
              >
                Ac tincidunt sapien vehicula erat auctor pellentesque rhoncus. Et magna sit morbi lobortis.
              </p>
            </div>
          </div>
        </div>
        <div
          class="z-10 pt-6"
          data-testid="feature"
        >
          <div
            class="flow-root rounded-lg bg-gray-50 px-6 pb-8 border border-gray-900 shadow-md shadow-gray-900 transition duration-150 hover:scale-110"
          >
            <div
              class="-mt-6"
            >
              <div>
                <span
                  class="inline-flex border border-gray-900 items-center justify-center rounded-xl bg-tertiary p-3"
                >
                  <svg
                    aria-hidden="true"
                    class="h-8 w-8 text-gray-900"
                    data-testid="Database Backups-icon"
                    fill="none"
                    stroke="currentColor"
                    stroke-width="1.5"
                    viewBox="0 0 24 24"
                    xmlns="http://www.w3.org/2000/svg"
                  >
                    <path
                      d="M20.25 6.375c0 2.278-3.694 4.125-8.25 4.125S3.75 8.653 3.75 6.375m16.5 0c0-2.278-3.694-4.125-8.25-4.125S3.75 4.097 3.75 6.375m16.5 0v11.25c0 2.278-3.694 4.125-8.25 4.125s-8.25-1.847-8.25-4.125V6.375m16.5 0v3.75m-16.5-3.75v3.75m16.5 0v3.75C20.25 16.153 16.556 18 12 18s-8.25-1.847-8.25-4.125v-3.75m16.5 0c0 2.278-3.694 4.125-8.25 4.125s-8.25-1.847-8.25-4.125"
                      stroke-linecap="round"
                      stroke-linejoin="round"
                    />
                  </svg>
                </span>
              </div>
              <h3
                class="mt-8 text-lg font-semibold leading-8 tracking-tight text-gray-900"
                data-testid="Database Backups-name"
              >
                Database Backups
              </h3>
              <p
                class="mt-5 text-base leading-7 text-gray-600"
                data-testid="Database Backups-description"
              >
                Ac tincidunt sapien vehicula erat auctor pellentesque rhoncus. Et magna sit morbi lobortis.
              </p>
            </div>
          </div>
        </div>
      </div>
      <div
        class="z-1 border border-gray-900 rounded-3xl absolute inset-0 lg:inset-y-1/4 bg-secondary"
      />
    </div>
  </div>,
  "debug": [Function],
  "findAllByAltText": [Function],
  "findAllByDisplayValue": [Function],
  "findAllByLabelText": [Function],
  "findAllByPlaceholderText": [Function],
  "findAllByRole": [Function],
  "findAllByTestId": [Function],
  "findAllByText": [Function],
  "findAllByTitle": [Function],
  "findByAltText": [Function],
  "findByDisplayValue": [Function],
  "findByLabelText": [Function],
  "findByPlaceholderText": [Function],
  "findByRole": [Function],
  "findByTestId": [Function],
  "findByText": [Function],
  "findByTitle": [Function],
  "getAllByAltText": [Function],
  "getAllByDisplayValue": [Function],
  "getAllByLabelText": [Function],
  "getAllByPlaceholderText": [Function],
  "getAllByRole": [Function],
  "getAllByTestId": [Function],
  "getAllByText": [Function],
  "getAllByTitle": [Function],
  "getByAltText": [Function],
  "getByDisplayValue": [Function],
  "getByLabelText": [Function],
  "getByPlaceholderText": [Function],
  "getByRole": [Function],
  "getByTestId": [Function],
  "getByText": [Function],
  "getByTitle": [Function],
  "queryAllByAltText": [Function],
  "queryAllByDisplayValue": [Function],
  "queryAllByLabelText": [Function],
  "queryAllByPlaceholderText": [Function],
  "queryAllByRole": [Function],
  "queryAllByTestId": [Function],
  "queryAllByText": [Function],
  "queryAllByTitle": [Function],
  "queryByAltText": [Function],
  "queryByDisplayValue": [Function],
  "queryByLabelText": [Function],
  "queryByPlaceholderText": [Function],
  "queryByRole": [Function],
  "queryByTestId": [Function],
  "queryByText": [Function],
  "queryByTitle": [Function],
  "rerender": [Function],
  "unmount": [Function],
}
`;
